=== run 2026-09-27 09:51 ===
[09:37:18] ===== データ取得開始 =====
[09:37:18] JPXから東証上場銘柄一覧を取得中...
[09:37:19] 日本株リスト取得に失敗:
Traceback (most recent call last):
  File "/home/runner/work/kabu-signal/kabu-signal/scripts/data_fetch.py", line 208, in main
    jp = fetch_jp_universe()
         ^^^^^^^^^^^^^^^^^^^
  File "/home/runner/work/kabu-signal/kabu-signal/scripts/data_fetch.py", line 59, in fetch_jp_universe
    r.raise_for_status()
  File "/opt/hostedtoolcache/Python/3.12.14/x64/lib/python3.12/site-packages/requests/models.py", line 1167, in raise_for_status
    raise HTTPError(http_error_msg, response=self)
requests.exceptions.HTTPError: 404 Client Error: Not Found for url: https://www.jpx.co.jp/markets/statistics-equities/misc/tvdivq0000001vg2-att/data_j.xls

[09:37:19] NASDAQ Traderから米国上場銘柄一覧を取得中...
[09:37:20] 米国株リスト取得完了: 5629銘柄 -> /home/runner/work/kabu-signal/kabu-signal/data/us_universe.csv
[09:37:21] 指数データ保存: 9系列
[09:37:21] us: 5629銘柄を29バッチで取得します
[09:37:35] us バッチ1/29: 200銘柄 109114行 保存
[09:37:49] us バッチ2/29: 200銘柄 110892行 保存
[09:38:04] us バッチ3/29: 200銘柄 115031行 保存
[09:38:19] us バッチ4/29: 200銘柄 109363行 保存
[09:38:34] us バッチ5/29: 200銘柄 109925行 保存
[09:38:50] us バッチ6/29: 200銘柄 115930行 保存
[09:39:05] us バッチ7/29: 200銘柄 115016行 保存
[09:39:20] us バッチ8/29: 200銘柄 117863行 保存
[09:39:35] us バッチ9/29: 200銘柄 113408行 保存
[09:39:50] us バッチ10/29: 200銘柄 112072行 保存
[09:40:05] us バッチ11/29: 200銘柄 110910行 保存
[09:40:20] us バッチ12/29: 200銘柄 112972行 保存
[09:40:35] us バッチ13/29: 200銘柄 115646行 保存
[09:40:50] us バッチ14/29: 200銘柄 109276行 保存
[09:41:05] us バッチ15/29: 200銘柄 110886行 保存
[09:41:20] us バッチ16/29: 200銘柄 111849行 保存
[09:41:36] us バッチ17/29: 200銘柄 112705行 保存
[09:41:51] us バッチ18/29: 200銘柄 114305行 保存
[09:42:06] us バッチ19/29: 200銘柄 111606行 保存
[09:42:21] us バッチ20/29: 200銘柄 114575行 保存
[09:42:36] us バッチ21/29: 200銘柄 108542行 保存
[09:42:51] us バッチ22/29: 200銘柄 113584行 保存
[09:43:06] us バッチ23/29: 200銘柄 110886行 保存
[09:43:21] us バッチ24/29: 200銘柄 114912行 保存
[09:43:36] us バッチ25/29: 199銘柄 111412行 保存
[09:43:51] us バッチ26/29: 200銘柄 116065行 保存
[09:44:06] us バッチ27/29: 200銘柄 113616行 保存
[09:44:21] us バッチ28/29: 200銘柄 106709行 保存
[09:44:24] us バッチ29/29: 29銘柄 16794行 保存
[09:44:25] サマリー: {"finished_at": "2026-09-27 09:44:25", "failed_parts": {"us": []}, "jp": {"parts": 0, "rows": 0, "tickers": 0, "from": "None", "to": "None"}, "us": {"parts": 29, "rows": 3165864, "tickers": 5628, "from": "2024-04-10 00:00:00", "to": "2026-09-25 00:00:00"}}
[09:44:25] ===== 全データ取得完了 =====
[09:45:44] ===== データ取得開始 =====
[09:45:44] JPXから東証上場銘柄一覧を取得中...
[09:45:44] 日本株リスト取得完了: 3707銘柄 -> /home/runner/work/kabu-signal/kabu-signal/data/jp_universe.csv
[09:45:44] 米国株リスト: 既存ファイル使用 (5629銘柄)
[09:45:44] 指数データ: 既存ファイル使用
[09:45:44] jp: 3707銘柄を19バッチで取得します
[09:45:56] jp バッチ1/19: 200銘柄 118875行 保存
[09:46:08] jp バッチ2/19: 200銘柄 117728行 保存
[09:46:19] jp バッチ3/19: 200銘柄 116219行 保存
[09:46:31] jp バッチ4/19: 200銘柄 116024行 保存
[09:46:43] jp バッチ5/19: 200銘柄 115899行 保存
[09:46:54] jp バッチ6/19: 200銘柄 117503行 保存
[09:47:05] jp バッチ7/19: 200銘柄 116576行 保存
[09:47:17] jp バッチ8/19: 200銘柄 114625行 保存
[09:47:29] jp バッチ9/19: 200銘柄 111312行 保存
[09:47:41] jp バッチ10/19: 200銘柄 115075行 保存
[09:47:53] jp バッチ11/19: 200銘柄 120000行 保存
[09:48:06] jp バッチ12/19: 200銘柄 119964行 保存
[09:48:18] jp バッチ13/19: 200銘柄 119840行 保存
[09:48:31] jp バッチ14/19: 200銘柄 119621行 保存
[09:48:44] jp バッチ15/19: 200銘柄 118802行 保存
[09:48:57] jp バッチ16/19: 200銘柄 119597行 保存
[09:49:09] jp バッチ17/19: 200銘柄 118573行 保存
[09:49:21] jp バッチ18/19: 200銘柄 119879行 保存
[09:49:28] jp バッチ19/19: 107銘柄 63601行 保存
[09:49:29] us: 5629銘柄を29バッチで取得します
[09:49:29] サマリー: {"finished_at": "2026-09-27 09:49:29", "failed_parts": {"jp": [], "us": []}, "jp": {"parts": 19, "rows": 2179713, "tickers": 3707, "from": "2024-04-10 00:00:00", "to": "2026-09-25 00:00:00"}, "us": {"parts": 29, "rows": 3165864, "tickers": 5628, "from": "2024-04-10 00:00:00", "to": "2026-09-25 00:00:00"}}
[09:49:29] ===== 全データ取得完了 =====
[2026-09-27 09:49:30] === 日次JPジョブ開始 ===
[2026-09-27 09:51:40] jp 価格更新: 19パート, 77739行取り込み
[2026-09-27 09:51:40] 指数更新OK
[2026-09-27 09:51:47] ダッシュボード用 data.json 生成OK
[2026-09-27 09:51:48] LINE送信OK (200)
[2026-09-27 09:51:48] === 日次JPジョブ完了（候補5 監視20） ===
